// Jest Snapshot v1, https://goo.gl/fbAQLP

exports[`FilterList renders consistently 1`] = `
.c0 {
  list-style-type: none;
}

<ul
  className="c0"
/>
`;
